Testing stated at Fri Jan 10 14:36:18 GMT 2003
PASSED: ./1a-create_bmp_for_symmmetrical_stripline.bmp.test
PASSED: ./1b-create_bmp_for_symmmetrical_stripline.txt.test
PASSED: ./1c-create_bmp_for_symmmetrical_stripline.E.bmp.test
PASSED: ./1d-create_bmp_for_symmmetrical_stripline.Er.bmp.test
PASSED: ./1e-create_bmp_for_symmmetrical_stripline.Ey.bmp.test
FAILED: ./1f-create_bmp_for_symmmetrical_stripline.Ex.bmp.test
PASSED: ./1g-create_bmp_for_symmmetrical_stripline.U.bmp.test
PASSED: ./1h-create_bmp_for_symmmetrical_stripline.V.bmp.test
PASSED: ./1i-create_bmp_for_symmmetrical_stripline.E.bin.test
PASSED: ./1j-create_bmp_for_symmmetrical_stripline.Er.bin.test
PASSED: ./1k-create_bmp_for_symmmetrical_stripline.Ey.bin.test
PASSED: ./1l-create_bmp_for_symmmetrical_stripline.Ex.bin.test
PASSED: ./1m-create_bmp_for_symmmetrical_stripline.U.bin.test
PASSED: ./1n-create_bmp_for_symmmetrical_stripline.V.bin.test
PASSED: ./2a-create_bmp_for_rect_in_rect.bmp.test
PASSED: ./2b-create_bmp_for_rect_in_rect.txt.test
PASSED: ./2c-create_bmp_for_rect_in_rect.E.bmp.test
PASSED: ./2d-create_bmp_for_rect_in_rect.Er.bmp.test
PASSED: ./2e-create_bmp_for_rect_in_rect.Ey.bmp.test
PASSED: ./2f-create_bmp_for_rect_in_rect.Ex.bmp.test
PASSED: ./2g-create_bmp_for_rect_in_rect.U.bmp.test
PASSED: ./2h-create_bmp_for_rect_in_rect.V.bmp.test
PASSED: ./3a-rect_cen_in_rect.bmp.test
PASSED: ./3b-rect_cen_in_rect.txt.test
PASSED: ./7a-generate_coupler_bitmap.bmp.test
PASSED: ./7b-generate_coupler_bitmap.bmp.test
PASSED: ./7c-generate_coupler_bitmap.Ex.test
PASSED: ./7c-generate_coupler_bitmap.txt.test
PASSED: ./8a-design_coupler.bmp.test
PASSED: ./9a-create-25-Ohm-201b.bmp.test
PASSED: ./9b-create-25-Ohm-401b.bmp.test
PASSED: ./9c-create-50-Ohm-201b.bmp.test
PASSED: ./9d-create-50-Ohm-401b.bmp.test
PASSED: ./9e-create-100-Ohm-201b.bmp.test
PASSED: ./9f-create-100-Ohm-401b.bmp.test
PASSED: ./9g-create-200-Ohm-201b.bmp.test
PASSED: ./9h-create-200-Ohm-401b.bmp.test
PASSED: ./9i-create-200-Ohm-801b.bmp.test
PASSED: ./10a-create-lots-of-examples-check-last-one.test
PASSED: ./10b-create-lots-of-examples-check-last-one.test
PASSED: ./11a-verify-checksum-of-supplied-cop1.bmp.test
PASSED: ./11b-verify-checksum-of-created-cop1.Ex.odd.bmp.test
PASSED: ./11c-verify-checksum-of-created-cop1.Ey.odd.bmp.test
PASSED: ./11d-verify-checksum-of-created-cop1.E.odd.bmp.test
PASSED: ./11e-verify-checksum-of-created-cop1.V.odd.bmp.test
PASSED: ./11f-verify-checksum-of-created-cop1.U.odd.bmp.test
PASSED: ./11g-verify-checksum-of-created-cop1.Er.bmp.test
PASSED: ./11h-verify-checksum-of-created-cop1.Ex.even.bmp.test
PASSED: ./11i-verify-checksum-of-created-cop1.Ey.even.bmp.test
PASSED: ./11j-verify-checksum-of-created-cop1.E.even.bmp.test
PASSED: ./11k-verify-checksum-of-created-cop1.U.even.bmp.test
PASSED: ./11l-verify-checksum-of-created-cop1.V.even.bmp.test
